# serializer version: 1
# name: test_get_v1_orderbooks3_current
  list([
    V1OrderBookBase(symbol_id='KRAKEN_SPOT_BTC_USDC', time_exchange=datetime.datetime(2024, 3, 6, 20, 14, 43, 237632, tzinfo=datetime.timezone.utc), time_coinapi=datetime.datetime(2024, 3, 6, 20, 14, 43, 188510, tzinfo=datetime.timezone.utc), asks=[{'price': 67239.0, 'size': 0.00011}, {'price': 67246.34, 'size': 0.00030386}, {'price': 67254.69, 'size': 0.37172132}, {'price': 67259.19, 'size': 0.0464}, {'price': 67260.21, 'size': 0.37169082}, {'price': 67263.8, 'size': 0.00442438}, {'price': 67264.3, 'size': 0.37166822}, {'price': 67272.65, 'size': 0.0464}, {'price': 67279.84, 'size': 0.37158238}, {'price': 67290.44, 'size': 0.02328031}], bids=[{'price': 67238.99, 'size': 1.22434424}, {'price': 67235.56, 'size': 0.5045}, {'price': 67235.03, 'size': 0.00371928}, {'price': 67231.07, 'size': 0.0464}, {'price': 67230.69, 'size': 0.00595255}, {'price': 67225.53, 'size': 0.0464}, {'price': 67221.44, 'size': 0.37190513}, {'price': 67217.23, 'size': 0.0464}, {'price': 67216.76, 'size': 0.0471621}, {'price': 67211.82, 'size': 0.178}]),
    V1OrderBookBase(symbol_id='KRAKEN_SPOT_BTC_USDT', time_exchange=datetime.datetime(2024, 3, 6, 20, 14, 43, 298579, tzinfo=datetime.timezone.utc), time_coinapi=datetime.datetime(2024, 3, 6, 20, 14, 43, 244971, tzinfo=datetime.timezone.utc), asks=[{'price': 67142.7, 'size': 0.00078997}, {'price': 67144.5, 'size': 0.00028331}, {'price': 67145.1, 'size': 0.01507401}, {'price': 67146.9, 'size': 0.37171943}, {'price': 67149.4, 'size': 0.37169765}, {'price': 67149.6, 'size': 0.00149607}, {'price': 67150.7, 'size': 0.00261511}, {'price': 67153.1, 'size': 0.00017281}, {'price': 67155.2, 'size': 0.37166539}, {'price': 67155.9, 'size': 0.05}], bids=[{'price': 67142.2, 'size': 0.37174477}, {'price': 67138.4, 'size': 0.37176606}, {'price': 67135.4, 'size': 0.0885}, {'price': 67133.3, 'size': 0.37178624}, {'price': 67132.2, 'size': 0.056}, {'price': 67129.9, 'size': 0.000288}, {'price': 67129.0, 'size': 0.05}, {'price': 67128.9, 'size': 0.000127}, {'price': 67125.6, 'size': 0.0885}, {'price': 67124.8, 'size': 0.0885}]),
    V1OrderBookBase(symbol_id='KRAKEN_SPOT_BTC_USD', time_exchange=datetime.datetime(2024, 3, 6, 20, 14, 43, 309490, tzinfo=datetime.timezone.utc), time_coinapi=datetime.datetime(2024, 3, 6, 20, 14, 43, 258857, tzinfo=datetime.timezone.utc), asks=[{'price': 67279.2, 'size': 6.95850934}, {'price': 67279.3, 'size': 0.0005}, {'price': 67280.8, 'size': 0.02134208}, {'price': 67280.9, 'size': 1.48630701}, {'price': 67281.0, 'size': 1.48630418}, {'price': 67284.0, 'size': 0.4981}, {'price': 67284.6, 'size': 0.08447625}, {'price': 67285.7, 'size': 0.05951342}, {'price': 67286.0, 'size': 0.42154749}, {'price': 67286.6, 'size': 2.22927135}], bids=[{'price': 67279.1, 'size': 1.61691018}, {'price': 67258.5, 'size': 1.48680086}, {'price': 67258.4, 'size': 0.44593287}, {'price': 67257.9, 'size': 0.44600381}, {'price': 67257.0, 'size': 0.44593287}, {'price': 67256.3, 'size': 1.4868495}, {'price': 67254.2, 'size': 1.48689435}, {'price': 67251.9, 'size': 0.375}, {'price': 67249.9, 'size': 0.0514}, {'price': 67248.5, 'size': 1.48702106}]),
    V1OrderBookBase(symbol_id='KRAKEN_SPOT_BTC_EUR', time_exchange=datetime.datetime(2024, 3, 6, 20, 14, 43, 309352, tzinfo=datetime.timezone.utc), time_coinapi=datetime.datetime(2024, 3, 6, 20, 14, 43, 258665, tzinfo=datetime.timezone.utc), asks=[{'price': 61702.7, 'size': 0.84336354}, {'price': 61704.8, 'size': 0.001}, {'price': 61722.1, 'size': 0.2234}, {'price': 61722.2, 'size': 0.264}, {'price': 61722.4, 'size': 0.25}, {'price': 61726.0, 'size': 0.07445}, {'price': 61726.1, 'size': 0.00834674}, {'price': 61726.2, 'size': 0.2053}, {'price': 61726.3, 'size': 0.04443074}, {'price': 61729.4, 'size': 0.48538464}], bids=[{'price': 61702.6, 'size': 0.33870135}, {'price': 61702.5, 'size': 0.008}, {'price': 61701.3, 'size': 0.29733543}, {'price': 61691.9, 'size': 0.0024991}, {'price': 61691.8, 'size': 0.02300379}, {'price': 61691.7, 'size': 0.10292988}, {'price': 61688.8, 'size': 0.04443074}, {'price': 61688.6, 'size': 0.7}, {'price': 61688.5, 'size': 0.06613447}, {'price': 61688.3, 'size': 0.495}]),
  ])
# ---
# name: test_get_v1_orderbooks3_symbol_id_current
  V1OrderBookBase(symbol_id='KRAKEN_SPOT_BTC_USD', time_exchange=datetime.datetime(2024, 3, 6, 20, 14, 59, 689389, tzinfo=datetime.timezone.utc), time_coinapi=datetime.datetime(2024, 3, 6, 20, 14, 59, 632791, tzinfo=datetime.timezone.utc), asks=[{'price': 67279.2, 'size': 7.44848028}, {'price': 67279.3, 'size': 0.03306523}, {'price': 67279.4, 'size': 1.48634089}, {'price': 67280.2, 'size': 1.48632268}, {'price': 67281.0, 'size': 1.48630566}, {'price': 67282.9, 'size': 0.001}, {'price': 67284.0, 'size': 0.4981}, {'price': 67284.6, 'size': 0.05036925}, {'price': 67285.4, 'size': 2.22931136}, {'price': 67285.7, 'size': 0.05951342}], bids=[{'price': 67279.1, 'size': 1.61591794}, {'price': 67275.0, 'size': 0.0524}, {'price': 67266.0, 'size': 0.0514}, {'price': 67264.7, 'size': 0.44595673}, {'price': 67263.4, 'size': 0.89186243}, {'price': 67260.9, 'size': 1.48674676}, {'price': 67259.7, 'size': 1.48677347}, {'price': 67257.5, 'size': 1.48682116}, {'price': 67254.0, 'size': 1.48689994}, {'price': 67251.9, 'size': 0.375}])
# ---
